// Jest Snapshot v1, https://goo.gl/fbAQLP

exports[`StartPage.vue Should render 1`] = `
<div
  class="root"
>
  <div
    class="root"
    data-aqa-start-header=""
  >
    <div
      class="background"
    >
      <div
        class="logo-icon-container"
      >
        <div>
          <span
            class="first-logo-part"
          >
            Netflix
          </span>
           
          <span
            class="second-logo-part"
          >
            Roulette
          </span>
        </div>
      </div>
       
      <div
        class="root"
        data-aqa-search-panel=""
      >
        <span
          class="main-label"
        >
          Find your movie
        </span>
         
        <div
          class="search-container"
        >
          <div
            class="input-container"
          >
            <div
              class="root"
            >
              <!---->
               
              <input
                class="input"
                placeholder="Search"
                style="font-size: 24px;"
              />
               
              <!---->
            </div>
          </div>
           
          <div
            class="search-button-container"
          >
            <button
              class="primary-button normal"
              style="font-size: 24px;"
            >
              Search
            </button>
          </div>
        </div>
         
        <div
          class="options-container"
        >
          <div
            class="root"
          >
            <span
              class="label"
            >
              Search By
            </span>
             
            <div
              class="options-container"
            >
              <button
                class="selected-option option"
                id="title"
              >
                
                Title
            
              </button>
              <button
                class="non-selected-option option"
                id="genres"
              >
                
                Genre
            
              </button>
            </div>
          </div>
        </div>
      </div>
    </div>
  </div>
   
  <div
    data-aqa-start-body=""
  >
    <div
      class="sort-panel-container"
    >
      <div
        class="root"
      >
        <span
          class="title"
          id="available-items-count"
        >
          0 movies found
        </span>
         
        <div
          class="root"
        >
          <span
            class="label"
          >
            Sort By
          </span>
           
          <div
            class="options-container"
          >
            <button
              class="selected-option option"
              id="release_date"
            >
              
                Release Date
            
            </button>
            <button
              class="non-selected-option option"
              id="rating"
            >
              
                Rating
            
            </button>
          </div>
        </div>
      </div>
    </div>
     
    <div
      class="no-films-found-container"
      id="no-films-message-container"
    >
      <svg
        class="root"
        viewBox="0 0 512 512"
        xmlns="http://www.w3.org/2000/svg"
      >
        <path
          d="M304 48C304 74.51 282.5 96 256 96C229.5 96 208 74.51 208 48C208 21.49 229.5 0 256 0C282.5 0 304 21.49 304 48zM304 464C304 490.5 282.5 512 256 512C229.5 512 208 490.5 208 464C208 437.5 229.5 416 256 416C282.5 416 304 437.5 304 464zM0 256C0 229.5 21.49 208 48 208C74.51 208 96 229.5 96 256C96 282.5 74.51 304 48 304C21.49 304 0 282.5 0 256zM512 256C512 282.5 490.5 304 464 304C437.5 304 416 282.5 416 256C416 229.5 437.5 208 464 208C490.5 208 512 229.5 512 256zM74.98 437C56.23 418.3 56.23 387.9 74.98 369.1C93.73 350.4 124.1 350.4 142.9 369.1C161.6 387.9 161.6 418.3 142.9 437C124.1 455.8 93.73 455.8 74.98 437V437zM142.9 142.9C124.1 161.6 93.73 161.6 74.98 142.9C56.24 124.1 56.24 93.73 74.98 74.98C93.73 56.23 124.1 56.23 142.9 74.98C161.6 93.73 161.6 124.1 142.9 142.9zM369.1 369.1C387.9 350.4 418.3 350.4 437 369.1C455.8 387.9 455.8 418.3 437 437C418.3 455.8 387.9 455.8 369.1 437C350.4 418.3 350.4 387.9 369.1 369.1V369.1z"
        />
      </svg>
    </div>
  </div>
   
  <div
    class="root"
    data-aqa-start-footer=""
  >
    <div>
      <span
        class="first-logo-part"
      >
        Netflix
      </span>
       
      <span
        class="second-logo-part"
      >
        Roulette
      </span>
    </div>
  </div>
</div>
`;
