// Jest Snapshot v1, https://goo.gl/fbAQLP

exports[`AppTitle.vue Tests Should render 1`] = `
<span
  class="font italic"
  style="font-size: 20px;"
>
  Hello world!
</span>
`;
